2026-06-06 18:41:50 [AWT-EventQueue-0] INFO  com.inventario.dao.ProductoDAOImpl - Producto registrado exitosamente en la Base de Datos: Monitor
2026-06-06 20:00:02 [AWT-EventQueue-0] INFO  com.inventario.dao.UsuarioDAO - Inicio de sesión exitoso. Usuario: admin
2026-06-06 20:03:19 [AWT-EventQueue-0] INFO  com.inventario.dao.UsuarioDAO - Inicio de sesión exitoso. Usuario: admin
2026-06-06 20:07:14 [AWT-EventQueue-0] INFO  com.inventario.dao.UsuarioDAO - Inicio de sesión exitoso. Usuario: admin
2026-06-06 20:12:50 [AWT-EventQueue-0] INFO  com.inventario.dao.UsuarioDAO - Inicio de sesión exitoso. Usuario: admin
2026-06-06 20:15:21 [AWT-EventQueue-0] INFO  com.inventario.dao.UsuarioDAO - Inicio de sesión exitoso. Usuario: admin
2026-06-06 20:18:33 [AWT-EventQueue-0] INFO  com.inventario.dao.UsuarioDAO - Inicio de sesión exitoso. Usuario: admin
2026-06-06 20:18:43 [AWT-EventQueue-0] INFO  com.inventario.dao.ProductoDAOImpl - Producto eliminado exitosamente de la base de datos: ID 1780772464670
2026-06-06 20:23:43 [AWT-EventQueue-0] INFO  com.inventario.dao.ProductoDAOImpl - Producto actualizado exitosamente: ID 1780772507320
2026-06-06 20:26:13 [AWT-EventQueue-0] INFO  com.inventario.dao.UsuarioDAO - Inicio de sesión exitoso. Usuario: admin
2026-06-06 20:28:10 [AWT-EventQueue-0] INFO  com.inventario.dao.UsuarioDAO - Inicio de sesión exitoso. Usuario: admin
2026-06-06 20:29:25 [AWT-EventQueue-0] INFO  com.inventario.dao.UsuarioDAO - Inicio de sesión exitoso. Usuario: admin
2026-06-06 20:30:08 [AWT-EventQueue-0] INFO  com.inventario.dao.ProductoDAOImpl - Producto registrado exitosamente en la Base de Datos: Teclado
2026-06-06 20:47:38 [AWT-EventQueue-0] INFO  com.inventario.dao.UsuarioDAO - Inicio de sesión exitoso. Usuario: admin
2026-06-09 00:21:31 [AWT-EventQueue-0] ERROR com.inventario.dao.UsuarioDAO - Error técnico durante la autenticación del usuario: admin
com.microsoft.sqlserver.jdbc.SQLServerException: Login failed for user 'sa'. ClientConnectionId:8ae00a14-a6c6-4c9a-9e24-ad6927bcd5a3
	at com.microsoft.sqlserver.jdbc.SQLServerException.makeFromDatabaseError(SQLServerException.java:259)
	at com.microsoft.sqlserver.jdbc.TDSTokenHandler.onEOF(tdsparser.java:304)
	at com.microsoft.sqlserver.jdbc.TDSParser.parse(tdsparser.java:137)
	at com.microsoft.sqlserver.jdbc.TDSParser.parse(tdsparser.java:42)
	at com.microsoft.sqlserver.jdbc.SQLServerConnection.sendLogon(SQLServerConnection.java:6612)
	at com.microsoft.sqlserver.jdbc.SQLServerConnection.logon(SQLServerConnection.java:5154)
	at com.microsoft.sqlserver.jdbc.SQLServerConnection$LogonCommand.doExecute(SQLServerConnection.java:5087)
	at com.microsoft.sqlserver.jdbc.TDSCommand.execute(IOBuffer.java:7675)
	at com.microsoft.sqlserver.jdbc.SQLServerConnection.executeCommand(SQLServerConnection.java:4137)
	at com.microsoft.sqlserver.jdbc.SQLServerConnection.connectHelper(SQLServerConnection.java:3583)
	at com.microsoft.sqlserver.jdbc.SQLServerConnection.login(SQLServerConnection.java:3172)
	at com.microsoft.sqlserver.jdbc.SQLServerConnection.connectInternal(SQLServerConnection.java:3014)
	at com.microsoft.sqlserver.jdbc.SQLServerConnection.connect(SQLServerConnection.java:1836)
	at com.microsoft.sqlserver.jdbc.SQLServerDriver.connect(SQLServerDriver.java:1246)
	at java.sql/java.sql.DriverManager.getConnection(DriverManager.java:613)
	at java.sql/java.sql.DriverManager.getConnection(DriverManager.java:199)
	at com.inventario.util.DatabaseConnection.getConnection(DatabaseConnection.java:17)
	at com.inventario.dao.UsuarioDAO.autenticar(UsuarioDAO.java:51)
	at com.inventario.view.LoginView.validar(LoginView.java:109)
	at com.inventario.view.LoginView.lambda$new$0(LoginView.java:61)
	at java.desktop/javax.swing.AbstractButton.fireActionPerformed(AbstractButton.java:1972)
	at java.desktop/javax.swing.AbstractButton$Handler.actionPerformed(AbstractButton.java:2314)
	at java.desktop/javax.swing.DefaultButtonModel.fireActionPerformed(DefaultButtonModel.java:407)
	at java.desktop/javax.swing.DefaultButtonModel.setPressed(DefaultButtonModel.java:262)
	at java.desktop/javax.swing.plaf.basic.BasicButtonListener.mouseReleased(BasicButtonListener.java:279)
	at java.desktop/java.awt.AWTEventMulticaster.mouseReleased(AWTEventMulticaster.java:299)
	at java.desktop/java.awt.Component.processMouseEvent(Component.java:6576)
	at java.desktop/javax.swing.JComponent.processMouseEvent(JComponent.java:3404)
	at java.desktop/java.awt.Component.processEvent(Component.java:6341)
	at java.desktop/java.awt.Container.processEvent(Container.java:2260)
	at java.desktop/java.awt.Component.dispatchEventImpl(Component.java:4958)
	at java.desktop/java.awt.Container.dispatchEventImpl(Container.java:2318)
	at java.desktop/java.awt.Component.dispatchEvent(Component.java:4790)
	at java.desktop/java.awt.LightweightDispatcher.retargetMouseEvent(Container.java:4917)
	at java.desktop/java.awt.LightweightDispatcher.processMouseEvent(Container.java:4560)
	at java.desktop/java.awt.LightweightDispatcher.dispatchEvent(Container.java:4501)
	at java.desktop/java.awt.Container.dispatchEventImpl(Container.java:2304)
	at java.desktop/java.awt.Window.dispatchEventImpl(Window.java:2671)
	at java.desktop/java.awt.Component.dispatchEvent(Component.java:4790)
	at java.desktop/java.awt.EventQueue.dispatchEventImpl(EventQueue.java:725)
	at java.desktop/java.awt.EventQueue.dispatchEvent(EventQueue.java:702)
	at java.desktop/java.awt.EventDispatchThread.pumpOneEventForFilters(EventDispatchThread.java:203)
	at java.desktop/java.awt.EventDispatchThread.pumpEventsForFilter(EventDispatchThread.java:124)
	at java.desktop/java.awt.EventDispatchThread.pumpEventsForHierarchy(EventDispatchThread.java:113)
	at java.desktop/java.awt.EventDispatchThread.pumpEvents(EventDispatchThread.java:109)
	at java.desktop/java.awt.EventDispatchThread.pumpEvents(EventDispatchThread.java:101)
	at java.desktop/java.awt.EventDispatchThread.run(EventDispatchThread.java:90)
2026-06-09 00:21:41 [AWT-EventQueue-0] ERROR com.inventario.dao.UsuarioDAO - Error técnico durante la autenticación del usuario: admin
com.microsoft.sqlserver.jdbc.SQLServerException: Login failed for user 'sa'. ClientConnectionId:46c976f0-68ca-44df-92c6-e3dce159ba30
	at com.microsoft.sqlserver.jdbc.SQLServerException.makeFromDatabaseError(SQLServerException.java:259)
	at com.microsoft.sqlserver.jdbc.TDSTokenHandler.onEOF(tdsparser.java:304)
	at com.microsoft.sqlserver.jdbc.TDSParser.parse(tdsparser.java:137)
	at com.microsoft.sqlserver.jdbc.TDSParser.parse(tdsparser.java:42)
	at com.microsoft.sqlserver.jdbc.SQLServerConnection.sendLogon(SQLServerConnection.java:6612)
	at com.microsoft.sqlserver.jdbc.SQLServerConnection.logon(SQLServerConnection.java:5154)
	at com.microsoft.sqlserver.jdbc.SQLServerConnection$LogonCommand.doExecute(SQLServerConnection.java:5087)
	at com.microsoft.sqlserver.jdbc.TDSCommand.execute(IOBuffer.java:7675)
	at com.microsoft.sqlserver.jdbc.SQLServerConnection.executeCommand(SQLServerConnection.java:4137)
	at com.microsoft.sqlserver.jdbc.SQLServerConnection.connectHelper(SQLServerConnection.java:3583)
	at com.microsoft.sqlserver.jdbc.SQLServerConnection.login(SQLServerConnection.java:3172)
	at com.microsoft.sqlserver.jdbc.SQLServerConnection.connectInternal(SQLServerConnection.java:3014)
	at com.microsoft.sqlserver.jdbc.SQLServerConnection.connect(SQLServerConnection.java:1836)
	at com.microsoft.sqlserver.jdbc.SQLServerDriver.connect(SQLServerDriver.java:1246)
	at java.sql/java.sql.DriverManager.getConnection(DriverManager.java:613)
	at java.sql/java.sql.DriverManager.getConnection(DriverManager.java:199)
	at com.inventario.util.DatabaseConnection.getConnection(DatabaseConnection.java:17)
	at com.inventario.dao.UsuarioDAO.autenticar(UsuarioDAO.java:51)
	at com.inventario.view.LoginView.validar(LoginView.java:109)
	at com.inventario.view.LoginView.lambda$new$0(LoginView.java:61)
	at java.desktop/javax.swing.AbstractButton.fireActionPerformed(AbstractButton.java:1972)
	at java.desktop/javax.swing.AbstractButton$Handler.actionPerformed(AbstractButton.java:2314)
	at java.desktop/javax.swing.DefaultButtonModel.fireActionPerformed(DefaultButtonModel.java:407)
	at java.desktop/javax.swing.DefaultButtonModel.setPressed(DefaultButtonModel.java:262)
	at java.desktop/javax.swing.plaf.basic.BasicButtonListener.mouseReleased(BasicButtonListener.java:279)
	at java.desktop/java.awt.AWTEventMulticaster.mouseReleased(AWTEventMulticaster.java:299)
	at java.desktop/java.awt.Component.processMouseEvent(Component.java:6576)
	at java.desktop/javax.swing.JComponent.processMouseEvent(JComponent.java:3404)
	at java.desktop/java.awt.Component.processEvent(Component.java:6341)
	at java.desktop/java.awt.Container.processEvent(Container.java:2260)
	at java.desktop/java.awt.Component.dispatchEventImpl(Component.java:4958)
	at java.desktop/java.awt.Container.dispatchEventImpl(Container.java:2318)
	at java.desktop/java.awt.Component.dispatchEvent(Component.java:4790)
	at java.desktop/java.awt.LightweightDispatcher.retargetMouseEvent(Container.java:4917)
	at java.desktop/java.awt.LightweightDispatcher.processMouseEvent(Container.java:4560)
	at java.desktop/java.awt.LightweightDispatcher.dispatchEvent(Container.java:4501)
	at java.desktop/java.awt.Container.dispatchEventImpl(Container.java:2304)
	at java.desktop/java.awt.Window.dispatchEventImpl(Window.java:2671)
	at java.desktop/java.awt.Component.dispatchEvent(Component.java:4790)
	at java.desktop/java.awt.EventQueue.dispatchEventImpl(EventQueue.java:725)
	at java.desktop/java.awt.EventQueue.dispatchEvent(EventQueue.java:702)
	at java.desktop/java.awt.EventDispatchThread.pumpOneEventForFilters(EventDispatchThread.java:203)
	at java.desktop/java.awt.EventDispatchThread.pumpEventsForFilter(EventDispatchThread.java:124)
	at java.desktop/java.awt.EventDispatchThread.pumpEventsForHierarchy(EventDispatchThread.java:113)
	at java.desktop/java.awt.EventDispatchThread.pumpEvents(EventDispatchThread.java:109)
	at java.desktop/java.awt.EventDispatchThread.pumpEvents(EventDispatchThread.java:101)
	at java.desktop/java.awt.EventDispatchThread.run(EventDispatchThread.java:90)
2026-06-09 00:21:44 [AWT-EventQueue-0] ERROR com.inventario.dao.UsuarioDAO - Error técnico durante la autenticación del usuario: admin
com.microsoft.sqlserver.jdbc.SQLServerException: Login failed for user 'sa'. ClientConnectionId:ead91137-0abc-468a-ab3e-d11befb97a96
	at com.microsoft.sqlserver.jdbc.SQLServerException.makeFromDatabaseError(SQLServerException.java:259)
	at com.microsoft.sqlserver.jdbc.TDSTokenHandler.onEOF(tdsparser.java:304)
	at com.microsoft.sqlserver.jdbc.TDSParser.parse(tdsparser.java:137)
	at com.microsoft.sqlserver.jdbc.TDSParser.parse(tdsparser.java:42)
	at com.microsoft.sqlserver.jdbc.SQLServerConnection.sendLogon(SQLServerConnection.java:6612)
	at com.microsoft.sqlserver.jdbc.SQLServerConnection.logon(SQLServerConnection.java:5154)
	at com.microsoft.sqlserver.jdbc.SQLServerConnection$LogonCommand.doExecute(SQLServerConnection.java:5087)
	at com.microsoft.sqlserver.jdbc.TDSCommand.execute(IOBuffer.java:7675)
	at com.microsoft.sqlserver.jdbc.SQLServerConnection.executeCommand(SQLServerConnection.java:4137)
	at com.microsoft.sqlserver.jdbc.SQLServerConnection.connectHelper(SQLServerConnection.java:3583)
	at com.microsoft.sqlserver.jdbc.SQLServerConnection.login(SQLServerConnection.java:3172)
	at com.microsoft.sqlserver.jdbc.SQLServerConnection.connectInternal(SQLServerConnection.java:3014)
	at com.microsoft.sqlserver.jdbc.SQLServerConnection.connect(SQLServerConnection.java:1836)
	at com.microsoft.sqlserver.jdbc.SQLServerDriver.connect(SQLServerDriver.java:1246)
	at java.sql/java.sql.DriverManager.getConnection(DriverManager.java:613)
	at java.sql/java.sql.DriverManager.getConnection(DriverManager.java:199)
	at com.inventario.util.DatabaseConnection.getConnection(DatabaseConnection.java:17)
	at com.inventario.dao.UsuarioDAO.autenticar(UsuarioDAO.java:51)
	at com.inventario.view.LoginView.validar(LoginView.java:109)
	at com.inventario.view.LoginView.lambda$new$0(LoginView.java:61)
	at java.desktop/javax.swing.AbstractButton.fireActionPerformed(AbstractButton.java:1972)
	at java.desktop/javax.swing.AbstractButton$Handler.actionPerformed(AbstractButton.java:2314)
	at java.desktop/javax.swing.DefaultButtonModel.fireActionPerformed(DefaultButtonModel.java:407)
	at java.desktop/javax.swing.DefaultButtonModel.setPressed(DefaultButtonModel.java:262)
	at java.desktop/javax.swing.plaf.basic.BasicButtonListener.mouseReleased(BasicButtonListener.java:279)
	at java.desktop/java.awt.AWTEventMulticaster.mouseReleased(AWTEventMulticaster.java:299)
	at java.desktop/java.awt.Component.processMouseEvent(Component.java:6576)
	at java.desktop/javax.swing.JComponent.processMouseEvent(JComponent.java:3404)
	at java.desktop/java.awt.Component.processEvent(Component.java:6341)
	at java.desktop/java.awt.Container.processEvent(Container.java:2260)
	at java.desktop/java.awt.Component.dispatchEventImpl(Component.java:4958)
	at java.desktop/java.awt.Container.dispatchEventImpl(Container.java:2318)
	at java.desktop/java.awt.Component.dispatchEvent(Component.java:4790)
	at java.desktop/java.awt.LightweightDispatcher.retargetMouseEvent(Container.java:4917)
	at java.desktop/java.awt.LightweightDispatcher.processMouseEvent(Container.java:4560)
	at java.desktop/java.awt.LightweightDispatcher.dispatchEvent(Container.java:4501)
	at java.desktop/java.awt.Container.dispatchEventImpl(Container.java:2304)
	at java.desktop/java.awt.Window.dispatchEventImpl(Window.java:2671)
	at java.desktop/java.awt.Component.dispatchEvent(Component.java:4790)
	at java.desktop/java.awt.EventQueue.dispatchEventImpl(EventQueue.java:725)
	at java.desktop/java.awt.EventQueue.dispatchEvent(EventQueue.java:702)
	at java.desktop/java.awt.EventDispatchThread.pumpOneEventForFilters(EventDispatchThread.java:203)
	at java.desktop/java.awt.EventDispatchThread.pumpEventsForFilter(EventDispatchThread.java:124)
	at java.desktop/java.awt.EventDispatchThread.pumpEventsForHierarchy(EventDispatchThread.java:113)
	at java.desktop/java.awt.EventDispatchThread.pumpEvents(EventDispatchThread.java:109)
	at java.desktop/java.awt.EventDispatchThread.pumpEvents(EventDispatchThread.java:101)
	at java.desktop/java.awt.EventDispatchThread.run(EventDispatchThread.java:90)
2026-06-09 00:26:09 [AWT-EventQueue-0] ERROR com.inventario.dao.UsuarioDAO - Error técnico durante la autenticación del usuario: admin
com.microsoft.sqlserver.jdbc.SQLServerException: Login failed for user 'sa'. ClientConnectionId:2d378fec-c2f9-41df-ac98-0364c1527f10
	at com.microsoft.sqlserver.jdbc.SQLServerException.makeFromDatabaseError(SQLServerException.java:259)
	at com.microsoft.sqlserver.jdbc.TDSTokenHandler.onEOF(tdsparser.java:304)
	at com.microsoft.sqlserver.jdbc.TDSParser.parse(tdsparser.java:137)
	at com.microsoft.sqlserver.jdbc.TDSParser.parse(tdsparser.java:42)
	at com.microsoft.sqlserver.jdbc.SQLServerConnection.sendLogon(SQLServerConnection.java:6612)
	at com.microsoft.sqlserver.jdbc.SQLServerConnection.logon(SQLServerConnection.java:5154)
	at com.microsoft.sqlserver.jdbc.SQLServerConnection$LogonCommand.doExecute(SQLServerConnection.java:5087)
	at com.microsoft.sqlserver.jdbc.TDSCommand.execute(IOBuffer.java:7675)
	at com.microsoft.sqlserver.jdbc.SQLServerConnection.executeCommand(SQLServerConnection.java:4137)
	at com.microsoft.sqlserver.jdbc.SQLServerConnection.connectHelper(SQLServerConnection.java:3583)
	at com.microsoft.sqlserver.jdbc.SQLServerConnection.login(SQLServerConnection.java:3172)
	at com.microsoft.sqlserver.jdbc.SQLServerConnection.connectInternal(SQLServerConnection.java:3014)
	at com.microsoft.sqlserver.jdbc.SQLServerConnection.connect(SQLServerConnection.java:1836)
	at com.microsoft.sqlserver.jdbc.SQLServerDriver.connect(SQLServerDriver.java:1246)
	at java.sql/java.sql.DriverManager.getConnection(DriverManager.java:613)
	at java.sql/java.sql.DriverManager.getConnection(DriverManager.java:199)
	at com.inventario.util.DatabaseConnection.getConnection(DatabaseConnection.java:17)
	at com.inventario.dao.UsuarioDAO.autenticar(UsuarioDAO.java:51)
	at com.inventario.view.LoginView.validar(LoginView.java:109)
	at com.inventario.view.LoginView.lambda$new$0(LoginView.java:61)
	at java.desktop/javax.swing.AbstractButton.fireActionPerformed(AbstractButton.java:1972)
	at java.desktop/javax.swing.AbstractButton$Handler.actionPerformed(AbstractButton.java:2314)
	at java.desktop/javax.swing.DefaultButtonModel.fireActionPerformed(DefaultButtonModel.java:407)
	at java.desktop/javax.swing.DefaultButtonModel.setPressed(DefaultButtonModel.java:262)
	at java.desktop/javax.swing.plaf.basic.BasicButtonListener.mouseReleased(BasicButtonListener.java:279)
	at java.desktop/java.awt.AWTEventMulticaster.mouseReleased(AWTEventMulticaster.java:299)
	at java.desktop/java.awt.Component.processMouseEvent(Component.java:6576)
	at java.desktop/javax.swing.JComponent.processMouseEvent(JComponent.java:3404)
	at java.desktop/java.awt.Component.processEvent(Component.java:6341)
	at java.desktop/java.awt.Container.processEvent(Container.java:2260)
	at java.desktop/java.awt.Component.dispatchEventImpl(Component.java:4958)
	at java.desktop/java.awt.Container.dispatchEventImpl(Container.java:2318)
	at java.desktop/java.awt.Component.dispatchEvent(Component.java:4790)
	at java.desktop/java.awt.LightweightDispatcher.retargetMouseEvent(Container.java:4917)
	at java.desktop/java.awt.LightweightDispatcher.processMouseEvent(Container.java:4560)
	at java.desktop/java.awt.LightweightDispatcher.dispatchEvent(Container.java:4501)
	at java.desktop/java.awt.Container.dispatchEventImpl(Container.java:2304)
	at java.desktop/java.awt.Window.dispatchEventImpl(Window.java:2671)
	at java.desktop/java.awt.Component.dispatchEvent(Component.java:4790)
	at java.desktop/java.awt.EventQueue.dispatchEventImpl(EventQueue.java:725)
	at java.desktop/java.awt.EventQueue.dispatchEvent(EventQueue.java:702)
	at java.desktop/java.awt.EventDispatchThread.pumpOneEventForFilters(EventDispatchThread.java:203)
	at java.desktop/java.awt.EventDispatchThread.pumpEventsForFilter(EventDispatchThread.java:124)
	at java.desktop/java.awt.EventDispatchThread.pumpEventsForHierarchy(EventDispatchThread.java:113)
	at java.desktop/java.awt.EventDispatchThread.pumpEvents(EventDispatchThread.java:109)
	at java.desktop/java.awt.EventDispatchThread.pumpEvents(EventDispatchThread.java:101)
	at java.desktop/java.awt.EventDispatchThread.run(EventDispatchThread.java:90)
2026-06-11 19:49:16 [AWT-EventQueue-0] ERROR com.inventario.dao.UsuarioDAO - Error técnico durante la autenticación del usuario: qqq
com.microsoft.sqlserver.jdbc.SQLServerException: Cannot open database "InventarioDB" requested by the login. The login failed. ClientConnectionId:3bf173eb-9d04-47e2-8ffa-e821a422dfa1
	at com.microsoft.sqlserver.jdbc.SQLServerException.makeFromDatabaseError(SQLServerException.java:259)
	at com.microsoft.sqlserver.jdbc.TDSTokenHandler.onEOF(tdsparser.java:304)
	at com.microsoft.sqlserver.jdbc.TDSParser.parse(tdsparser.java:137)
	at com.microsoft.sqlserver.jdbc.TDSParser.parse(tdsparser.java:42)
	at com.microsoft.sqlserver.jdbc.SQLServerConnection.sendLogon(SQLServerConnection.java:6612)
	at com.microsoft.sqlserver.jdbc.SQLServerConnection.logon(SQLServerConnection.java:5154)
	at com.microsoft.sqlserver.jdbc.SQLServerConnection$LogonCommand.doExecute(SQLServerConnection.java:5087)
	at com.microsoft.sqlserver.jdbc.TDSCommand.execute(IOBuffer.java:7675)
	at com.microsoft.sqlserver.jdbc.SQLServerConnection.executeCommand(SQLServerConnection.java:4137)
	at com.microsoft.sqlserver.jdbc.SQLServerConnection.connectHelper(SQLServerConnection.java:3583)
	at com.microsoft.sqlserver.jdbc.SQLServerConnection.login(SQLServerConnection.java:3172)
	at com.microsoft.sqlserver.jdbc.SQLServerConnection.connectInternal(SQLServerConnection.java:3014)
	at com.microsoft.sqlserver.jdbc.SQLServerConnection.connect(SQLServerConnection.java:1836)
	at com.microsoft.sqlserver.jdbc.SQLServerDriver.connect(SQLServerDriver.java:1246)
	at java.sql/java.sql.DriverManager.getConnection(DriverManager.java:613)
	at java.sql/java.sql.DriverManager.getConnection(DriverManager.java:199)
	at com.inventario.util.DatabaseConnection.getConnection(DatabaseConnection.java:17)
	at com.inventario.dao.UsuarioDAO.autenticar(UsuarioDAO.java:51)
	at com.inventario.view.LoginView.validar(LoginView.java:286)
	at com.inventario.view.LoginView.lambda$new$0(LoginView.java:149)
	at java.desktop/javax.swing.AbstractButton.fireActionPerformed(AbstractButton.java:1972)
	at java.desktop/javax.swing.AbstractButton$Handler.actionPerformed(AbstractButton.java:2314)
	at java.desktop/javax.swing.DefaultButtonModel.fireActionPerformed(DefaultButtonModel.java:407)
	at java.desktop/javax.swing.DefaultButtonModel.setPressed(DefaultButtonModel.java:262)
	at java.desktop/javax.swing.plaf.basic.BasicButtonListener.mouseReleased(BasicButtonListener.java:279)
	at java.desktop/java.awt.AWTEventMulticaster.mouseReleased(AWTEventMulticaster.java:299)
	at java.desktop/java.awt.Component.processMouseEvent(Component.java:6576)
	at java.desktop/javax.swing.JComponent.processMouseEvent(JComponent.java:3404)
	at java.desktop/java.awt.Component.processEvent(Component.java:6341)
	at java.desktop/java.awt.Container.processEvent(Container.java:2260)
	at java.desktop/java.awt.Component.dispatchEventImpl(Component.java:4958)
	at java.desktop/java.awt.Container.dispatchEventImpl(Container.java:2318)
	at java.desktop/java.awt.Component.dispatchEvent(Component.java:4790)
	at java.desktop/java.awt.LightweightDispatcher.retargetMouseEvent(Container.java:4917)
	at java.desktop/java.awt.LightweightDispatcher.processMouseEvent(Container.java:4560)
	at java.desktop/java.awt.LightweightDispatcher.dispatchEvent(Container.java:4501)
	at java.desktop/java.awt.Container.dispatchEventImpl(Container.java:2304)
	at java.desktop/java.awt.Window.dispatchEventImpl(Window.java:2671)
	at java.desktop/java.awt.Component.dispatchEvent(Component.java:4790)
	at java.desktop/java.awt.EventQueue.dispatchEventImpl(EventQueue.java:725)
	at java.desktop/java.awt.EventQueue.dispatchEvent(EventQueue.java:702)
	at java.desktop/java.awt.EventDispatchThread.pumpOneEventForFilters(EventDispatchThread.java:203)
	at java.desktop/java.awt.EventDispatchThread.pumpEventsForFilter(EventDispatchThread.java:124)
	at java.desktop/java.awt.EventDispatchThread.pumpEventsForHierarchy(EventDispatchThread.java:113)
	at java.desktop/java.awt.EventDispatchThread.pumpEvents(EventDispatchThread.java:109)
	at java.desktop/java.awt.EventDispatchThread.pumpEvents(EventDispatchThread.java:101)
	at java.desktop/java.awt.EventDispatchThread.run(EventDispatchThread.java:90)
2026-06-11 20:03:56 [AWT-EventQueue-0] ERROR com.inventario.dao.UsuarioDAO - Error técnico durante la autenticación del usuario: admin
com.microsoft.sqlserver.jdbc.SQLServerException: Invalid column name 'username'.
	at com.microsoft.sqlserver.jdbc.SQLServerException.makeFromDatabaseError(SQLServerException.java:259)
	at com.microsoft.sqlserver.jdbc.SQLServerStatement.getNextResult(SQLServerStatement.java:1695)
	at com.microsoft.sqlserver.jdbc.SQLServerPreparedStatement.doExecutePreparedStatement(SQLServerPreparedStatement.java:648)
	at com.microsoft.sqlserver.jdbc.SQLServerPreparedStatement$PrepStmtExecCmd.doExecute(SQLServerPreparedStatement.java:567)
	at com.microsoft.sqlserver.jdbc.TDSCommand.execute(IOBuffer.java:7675)
	at com.microsoft.sqlserver.jdbc.SQLServerConnection.executeCommand(SQLServerConnection.java:4137)
	at com.microsoft.sqlserver.jdbc.SQLServerStatement.executeCommand(SQLServerStatement.java:272)
	at com.microsoft.sqlserver.jdbc.SQLServerStatement.executeStatement(SQLServerStatement.java:246)
	at com.microsoft.sqlserver.jdbc.SQLServerPreparedStatement.executeQuery(SQLServerPreparedStatement.java:485)
	at com.inventario.dao.UsuarioDAO.autenticar(UsuarioDAO.java:55)
	at com.inventario.view.LoginView.validar(LoginView.java:283)
	at com.inventario.view.LoginView.lambda$new$0(LoginView.java:148)
	at java.desktop/javax.swing.AbstractButton.fireActionPerformed(AbstractButton.java:1972)
	at java.desktop/javax.swing.AbstractButton$Handler.actionPerformed(AbstractButton.java:2314)
	at java.desktop/javax.swing.DefaultButtonModel.fireActionPerformed(DefaultButtonModel.java:407)
	at java.desktop/javax.swing.DefaultButtonModel.setPressed(DefaultButtonModel.java:262)
	at java.desktop/javax.swing.plaf.basic.BasicButtonListener.mouseReleased(BasicButtonListener.java:279)
	at java.desktop/java.awt.AWTEventMulticaster.mouseReleased(AWTEventMulticaster.java:299)
	at java.desktop/java.awt.Component.processMouseEvent(Component.java:6576)
	at java.desktop/javax.swing.JComponent.processMouseEvent(JComponent.java:3404)
	at java.desktop/java.awt.Component.processEvent(Component.java:6341)
	at java.desktop/java.awt.Container.processEvent(Container.java:2260)
	at java.desktop/java.awt.Component.dispatchEventImpl(Component.java:4958)
	at java.desktop/java.awt.Container.dispatchEventImpl(Container.java:2318)
	at java.desktop/java.awt.Component.dispatchEvent(Component.java:4790)
	at java.desktop/java.awt.LightweightDispatcher.retargetMouseEvent(Container.java:4917)
	at java.desktop/java.awt.LightweightDispatcher.processMouseEvent(Container.java:4560)
	at java.desktop/java.awt.LightweightDispatcher.dispatchEvent(Container.java:4501)
	at java.desktop/java.awt.Container.dispatchEventImpl(Container.java:2304)
	at java.desktop/java.awt.Window.dispatchEventImpl(Window.java:2671)
	at java.desktop/java.awt.Component.dispatchEvent(Component.java:4790)
	at java.desktop/java.awt.EventQueue.dispatchEventImpl(EventQueue.java:725)
	at java.desktop/java.awt.EventQueue.dispatchEvent(EventQueue.java:702)
	at java.desktop/java.awt.EventDispatchThread.pumpOneEventForFilters(EventDispatchThread.java:203)
	at java.desktop/java.awt.EventDispatchThread.pumpEventsForFilter(EventDispatchThread.java:124)
	at java.desktop/java.awt.EventDispatchThread.pumpEventsForHierarchy(EventDispatchThread.java:113)
	at java.desktop/java.awt.EventDispatchThread.pumpEvents(EventDispatchThread.java:109)
	at java.desktop/java.awt.EventDispatchThread.pumpEvents(EventDispatchThread.java:101)
	at java.desktop/java.awt.EventDispatchThread.run(EventDispatchThread.java:90)
2026-06-28 10:04:15 [AWT-EventQueue-0] INFO  com.inventario.dao.UsuarioDAO - Inicio de sesión exitoso. Usuario: admin
2026-06-28 10:06:40 [AWT-EventQueue-0] WARN  com.inventario.dao.UsuarioDAO - Intento de inicio de sesión fallido (contraseña incorrecta). Usuario: admin
2026-06-28 10:06:47 [AWT-EventQueue-0] INFO  com.inventario.dao.UsuarioDAO - Inicio de sesión exitoso. Usuario: admin
2026-06-28 10:12:22 [AWT-EventQueue-0] INFO  com.inventario.dao.UsuarioDAO - Inicio de sesión exitoso. Usuario: admin
2026-06-28 10:15:13 [AWT-EventQueue-0] INFO  com.inventario.dao.UsuarioDAO - Inicio de sesión exitoso. Usuario: admin
2026-06-28 10:21:59 [AWT-EventQueue-0] INFO  com.inventario.dao.UsuarioDAO - Inicio de sesión exitoso. Usuario: admin
2026-06-28 10:29:01 [AWT-EventQueue-0] INFO  com.inventario.dao.UsuarioDAO - Inicio de sesión exitoso. Usuario: admin
2026-06-28 10:39:38 [AWT-EventQueue-0] INFO  com.inventario.dao.UsuarioDAO - Inicio de sesión exitoso. Usuario: admin
2026-06-28 10:50:05 [AWT-EventQueue-0] INFO  com.inventario.dao.UsuarioDAO - Inicio de sesión exitoso. Usuario: admin
2026-06-28 10:52:42 [AWT-EventQueue-0] INFO  com.inventario.dao.UsuarioDAO - Inicio de sesión exitoso. Usuario: admin
2026-06-28 10:56:08 [AWT-EventQueue-0] INFO  com.inventario.dao.UsuarioDAO - Inicio de sesión exitoso. Usuario: admin
2026-06-28 10:58:59 [AWT-EventQueue-0] INFO  com.inventario.dao.UsuarioDAO - Inicio de sesión exitoso. Usuario: admin
2026-06-28 11:05:29 [AWT-EventQueue-0] INFO  com.inventario.dao.UsuarioDAO - Inicio de sesión exitoso. Usuario: admin
2026-06-28 11:12:18 [AWT-EventQueue-0] INFO  com.inventario.dao.UsuarioDAO - Inicio de sesión exitoso. Usuario: admin
2026-06-28 11:15:41 [AWT-EventQueue-0] INFO  com.inventario.dao.UsuarioDAO - Inicio de sesión exitoso. Usuario: admin
2026-06-28 11:16:33 [AWT-EventQueue-0] INFO  com.inventario.dao.UsuarioDAO - Inicio de sesión exitoso. Usuario: admin
2026-06-28 11:17:43 [AWT-EventQueue-0] INFO  com.inventario.dao.UsuarioDAO - Inicio de sesión exitoso. Usuario: admin
2026-06-28 11:21:00 [AWT-EventQueue-0] INFO  com.inventario.dao.UsuarioDAO - Inicio de sesión exitoso. Usuario: admin
2026-06-28 11:21:43 [AWT-EventQueue-0] INFO  com.inventario.dao.UsuarioDAO - Inicio de sesión exitoso. Usuario: admin
2026-06-28 11:23:02 [AWT-EventQueue-0] INFO  com.inventario.dao.UsuarioDAO - Inicio de sesión exitoso. Usuario: admin
2026-06-28 11:23:46 [AWT-EventQueue-0] INFO  com.inventario.dao.UsuarioDAO - Inicio de sesión exitoso. Usuario: admin
2026-06-28 11:24:23 [AWT-EventQueue-0] INFO  com.inventario.dao.UsuarioDAO - Inicio de sesión exitoso. Usuario: admin
2026-06-28 12:28:42 [main] INFO  com.inventario.dao.ProductoDAOImpl - Producto registrado exitosamente en la Base de Datos: Laptop
2026-06-28 12:36:37 [main] INFO  com.inventario.dao.ProductoDAOImpl - Producto eliminado exitosamente de la base de datos: ID P001
2026-06-28 12:36:37 [main] WARN  com.inventario.dao.ProductoDAOImpl - Intento de eliminar un producto que no existe. ID: NO_EXISTE
2026-06-28 12:36:37 [main] INFO  com.inventario.dao.ProductoDAOImpl - Producto registrado exitosamente en la Base de Datos: Laptop
2026-06-28 12:36:57 [main] INFO  com.inventario.dao.ProductoDAOImpl - Producto eliminado exitosamente de la base de datos: ID P001
2026-06-28 12:36:57 [main] WARN  com.inventario.dao.ProductoDAOImpl - Intento de eliminar un producto que no existe. ID: NO_EXISTE
2026-06-28 12:36:57 [main] INFO  com.inventario.dao.ProductoDAOImpl - Producto registrado exitosamente en la Base de Datos: Laptop
2026-06-28 12:58:45 [main] INFO  com.inventario.dao.ProductoDAOImpl - Producto eliminado exitosamente de la base de datos: ID P001
2026-06-28 12:58:45 [main] WARN  com.inventario.dao.ProductoDAOImpl - Intento de eliminar un producto que no existe. ID: NO_EXISTE
2026-06-28 12:58:45 [main] INFO  com.inventario.dao.ProductoDAOImpl - Producto registrado exitosamente en la Base de Datos: Laptop
2026-06-28 12:59:01 [main] INFO  com.inventario.dao.ProductoDAOImpl - Producto eliminado exitosamente de la base de datos: ID P001
2026-06-28 12:59:02 [main] WARN  com.inventario.dao.ProductoDAOImpl - Intento de eliminar un producto que no existe. ID: NO_EXISTE
2026-06-28 12:59:02 [main] INFO  com.inventario.dao.ProductoDAOImpl - Producto registrado exitosamente en la Base de Datos: Laptop
2026-06-28 14:28:10 [main] INFO  com.inventario.dao.ProductoDAOImpl - Producto eliminado exitosamente de la base de datos: ID P001
2026-06-28 14:28:10 [main] WARN  com.inventario.dao.ProductoDAOImpl - Intento de eliminar un producto que no existe. ID: NO_EXISTE
2026-06-28 14:28:10 [main] INFO  com.inventario.dao.ProductoDAOImpl - Producto registrado exitosamente en la Base de Datos: Laptop
2026-06-28 15:02:46 [main] INFO  com.inventario.dao.ProductoDAOImpl - Producto eliminado exitosamente de la base de datos: ID P001
2026-06-28 15:02:46 [main] WARN  com.inventario.dao.ProductoDAOImpl - Intento de eliminar un producto que no existe. ID: NO_EXISTE
2026-06-28 15:02:46 [main] INFO  com.inventario.dao.ProductoDAOImpl - Producto registrado exitosamente en la Base de Datos: Laptop
2026-06-28 15:03:37 [main] INFO  com.inventario.dao.ProductoDAOImpl - Producto eliminado exitosamente de la base de datos: ID P001
2026-06-28 15:03:38 [main] WARN  com.inventario.dao.ProductoDAOImpl - Intento de eliminar un producto que no existe. ID: NO_EXISTE
2026-06-28 15:03:38 [main] INFO  com.inventario.dao.ProductoDAOImpl - Producto registrado exitosamente en la Base de Datos: Laptop
2026-06-28 15:28:26 [main] INFO  com.inventario.dao.ProductoDAOImpl - Producto eliminado exitosamente de la base de datos: ID P001
2026-06-28 15:28:27 [main] WARN  com.inventario.dao.ProductoDAOImpl - Intento de eliminar un producto que no existe. ID: NO_EXISTE
2026-06-28 15:28:27 [main] INFO  com.inventario.dao.ProductoDAOImpl - Producto registrado exitosamente en la Base de Datos: Laptop
2026-06-28 15:34:37 [AWT-EventQueue-0] INFO  com.inventario.dao.UsuarioDAO - Inicio de sesión exitoso. Usuario: admin
2026-06-28 15:36:39 [AWT-EventQueue-0] INFO  com.inventario.dao.UsuarioDAO - Inicio de sesión exitoso. Usuario: admin
2026-06-28 15:42:22 [AWT-EventQueue-0] INFO  com.inventario.dao.UsuarioDAO - Inicio de sesión exitoso. Usuario: admin
2026-06-28 15:43:22 [AWT-EventQueue-0] INFO  com.inventario.dao.UsuarioDAO - Inicio de sesión exitoso. Usuario: admin
2026-06-28 15:52:28 [AWT-EventQueue-0] INFO  com.inventario.dao.UsuarioDAO - Inicio de sesión exitoso. Usuario: admin
2026-06-28 15:57:10 [AWT-EventQueue-0] INFO  com.inventario.dao.UsuarioDAO - Inicio de sesión exitoso. Usuario: admin
2026-06-28 15:59:07 [AWT-EventQueue-0] INFO  com.inventario.dao.UsuarioDAO - Inicio de sesión exitoso. Usuario: admin
2026-06-28 16:11:03 [AWT-EventQueue-0] INFO  com.inventario.dao.UsuarioDAO - Inicio de sesión exitoso. Usuario: admin
